AudioFormat = "g711_ulaw"
SampleRate = 24000
SessionModality = "audio"
TurnDetectionConfig = {"type":"server_vad","threshold":0.72,"prefix_padding_ms":240,"silence_duration_ms":680,"create_response":true,"interrupt_response":true,"eagerness":"low"}
SessionConfig = {"model":"grok-realtime-contract","modalities":["text","audio"],"voice":"Rex","instructions":"Answer concisely and announce tool calls.","reasoning_effort":"high","input_audio_format":"pcm16","output_audio_format":"g711_ulaw","input_audio_sample_rate":24000,"output_audio_sample_rate":16000,"tools":[{"Name":"lookup_weather","Description":"Look up the weather for a city.","Parameters":[{"Name":"city","Type":"string","Description":"City name.","Required":true}]}],"turn_detection":{"type":"server_vad","threshold":0.72,"prefix_padding_ms":240,"silence_duration_ms":680,"create_response":true,"interrupt_response":true,"eagerness":"low"},"input_audio_transcription":{"enabled":true,"model":"gpt-live-transcribe"},"config":{"temperature":0.65,"provider":"xai"}}
SessionEventType = "response.done"
SessionEvent = {"type":"session.created","data":{"session_id":"sess-contract-1","model":"grok-realtime-contract"}}
Role = "assistant"
ToolCall = {"ID":"call_contract","Name":"lookup_weather","Arguments":"{\"city\":\"Seattle\"}"}
ContentPart = {"Text":"contract content"}
TextPart = {"Text":"contract text"}
ImagePart = {"URL":"https://example.com/contract.png","Bytes":"cG5nLWJ5dGVz","MediaType":"image/png"}
AudioPart = {"URL":"https://example.com/contract.wav","Bytes":"d2F2LWJ5dGVz","MediaType":"audio/wav"}
VideoPart = {"URL":"https://example.com/contract.mp4","Bytes":"bXA0LWJ5dGVz","MediaType":"video/mp4"}
EmbeddingPart = {"URL":"https://example.com/contract.safetensors","Bytes":"dmVjdG9yLWJ5dGVz","MediaType":"application/vnd.safetensors"}
Message = {"Role":"assistant","ContentParts":null,"Refusal":"","ToolCalls":[{"ID":"call_weather_1","Name":"lookup_weather","Arguments":"{\"city\":\"Seattle\"}"}],"ToolCallID":"call_weather_1","Name":"weather-agent","Index":3,"GlobalIndex":17,"ActorProvidedID":"provider-msg-17","ActorProvidedIndex":4,"ActorStreamID":"stream-abc","ActorID":"model"}
ToolDefinition = {"Name":"lookup_weather","Description":"Look up the weather for a city.","Parameters":[{"Name":"city","Type":"string","Description":"City name.","Required":true}]}
ToolParameter = {"Name":"limit","Type":"number","Description":"Maximum results.","Required":false}
TokenUsage = {"PromptTokens":21,"CompletionTokens":34,"TotalTokens":55,"ReasoningTokens":8}
